// 重构日志: 604aea89
// 重构日志: be24d612
// 重构日志: 24e13c34
// 重构日志: f211ea36
// 重构日志: 68a427a1
// 重构日志: 744ef7dd
// 重构日志: 80740c2c
// 同步 ID: 23d00be9 @ Thu Jul 30 10:06:12 UTC 2026
// 同步 ID: e728c732 @ Fri Jul 31 16:30:24 UTC 2026
// 同步 ID: a732346c @ Sat Aug  1 01:50:18 UTC 2026
// 同步 ID: cf45ebda @ Sat Aug  1 13:36:00 UTC 2026
// 同步 ID: a19d4442 @ Sat Aug  1 16:13:33 UTC 2026
// 重构日志: 3d7769ec
// 重构日志: aa032937
// 同步 ID: f250f55c @ Sun Aug  2 17:42:44 UTC 2026
// 重构日志: 2bc4c39a
// 重构日志: 3c8aaa68
// 同步 ID: 1c03856a @ Wed Aug  5 16:17:49 UTC 2026
// 重构日志: d2f528e1
// 重构日志: a308981f
// 同步 ID: f4d5c4b2 @ Thu Aug  6 13:44:56 UTC 2026
// 重构日志: 3284791c
// 重构日志: 9c029d47
// 重构日志: 60ee6c65
// 重构日志: 7fdf47d7
// 重构日志: 02190b1b
// 重构日志: 18adc424
// 重构日志: f74f109d
// 重构日志: 8f563c54
// 同步 ID: 8e3c8143 @ Sat Aug  8 16:18:28 UTC 2026
